// Vitest Snapshot v1

exports[`author > should render with name prop 1`] = `"<div class=\\"text-left\\">some name</div>"`;

exports[`comment > should render with content prop 1`] = `"<p class=\\"text-left\\">some content</p>"`;
