// Vitest Snapshot v1

exports[`cover > should match default snapshot 1`] = `"<img class=\\"rounded-lg w-32\\" src=\\"https://some-cover.png\\" alt=\\"\\">"`;
